[14:57:51.443] [INFO] Storybook Upgrade - v9.0.12
[14:57:51.454] [INFO] detect-projects-spinner-start: Detecting projects...
[14:57:51.455] [DEBUG] Finding Storybook projects...
[14:57:52.039] [DEBUG] Found 1 Storybook projects
[14:57:52.040] [INFO] detect-projects-spinner: Detecting projects: 1 projects
[14:57:52.041] [DEBUG] Getting Storybook data...
[14:57:52.041] [DEBUG] Getting Storybook info...
[14:57:52.042] [DEBUG] Loading main config...
[14:57:52.482] [DEBUG] Getting stories paths...
[14:57:52.501] [DEBUG] Getting package manager...
[14:57:53.086] [DEBUG] Getting Storybook version...
[14:57:53.087] [DEBUG] /.storybook - Validating before version... 8.6.14
[14:57:53.087] [DEBUG] /.storybook - Validating upgrade compatibility...
[14:57:53.087] [DEBUG] /.storybook - Fetching NPM version information...
[14:57:53.087] [DEBUG] Getting CLI versions from NPM for storybook...
[14:57:53.093] [DEBUG] Getting CLI versions from NPM for storybook@next...
[14:57:54.007] [DEBUG] /.storybook - Evaluating blockers...
[14:57:54.010] [DEBUG] Getting installed version for @storybook/experimental-addon-test...
[14:57:54.643] [INFO] detect-projects-spinner-stop: 1 project detected
[14:57:54.643] [DEBUG] Found 1 valid projects and 0 error projects
[14:57:54.643] [INFO] Upgrading from 8.6.14 to 9.0.12
[14:57:54.650] [INFO] upgrade-dependencies-task-start: Fetching versions to update package.json files..
[14:57:54.650] [DEBUG] Updating dependencies in /.storybook...
[14:57:54.656] [INFO] upgrade-dependencies-task: /package.json
[14:57:54.657] [DEBUG] Getting CLI versions from NPM for @chromatic-com/storybook...
[14:57:55.565] [DEBUG] {
  "upgradedDependencies": []
}
[14:57:55.566] [DEBUG] {
  "upgradedDevDependencies": [
    "@storybook/addon-a11y@9.0.12",
    "@storybook/addon-links@9.0.12",
    "@storybook/html@9.0.12",
    "@storybook/html-vite@9.0.12",
    "storybook@9.0.12",
    "@chromatic-com/storybook@^4.0.0"
  ]
}
[14:57:55.566] [DEBUG] {
  "upgradedPeerDependencies": []
}
[14:57:55.566] [DEBUG] Getting CLI versions from NPM for @storybook/addon-a11y...
[14:57:56.602] [DEBUG] Getting CLI versions from NPM for @storybook/addon-links...
[14:57:57.612] [DEBUG] Getting CLI versions from NPM for @storybook/html...
[14:57:58.727] [DEBUG] Getting CLI versions from NPM for @storybook/html-vite...
[14:58:00.767] [DEBUG] Using cached version for storybook...
[14:58:00.767] [DEBUG] Using cached version for @chromatic-com/storybook...
[14:58:00.770] [INFO] upgrade-dependencies-task-success: Updated package versions in package.json files
[14:58:00.770] [INFO] detect-automigrations-task-start: Detecting automigrations...
[14:58:00.771] [DEBUG] Starting automigration collection across 1 projects and 15 fixes...
[14:58:00.777] [INFO] detect-automigrations-task: Checking automigrations for /.storybook...
[14:58:00.777] [DEBUG] Processing project: /.storybook
[14:58:00.777] [DEBUG] Checking fix eslintPlugin for project /.storybook...
[14:58:00.783] [DEBUG] Checking fix addon-mdx-gfm-remove for project /.storybook...
[14:58:00.784] [DEBUG] Checking fix addon-storysource-code-panel for project /.storybook...
[14:58:00.784] [DEBUG] Checking fix upgrade-storybook-related-dependencies for project /.storybook...
[14:58:00.784] [DEBUG] Checking for incompatible storybook packages...
[14:58:00.788] [DEBUG] Getting installed version for @storybook/addon-actions...
[14:58:00.791] [DEBUG] Getting installed version for @storybook/addon-essentials...
[14:58:00.793] [DEBUG] Getting installed version for @storybook/addon-interactions...
[14:58:00.796] [DEBUG] Getting installed version for @storybook/addons...
[14:58:00.798] [DEBUG] Getting installed version for @storybook/test...
[14:58:00.800] [DEBUG] Getting installed version for @storybook/theming...
[14:58:00.804] [DEBUG] Getting installed version for storybook-dark-mode...
[14:58:00.806] [DEBUG] Getting installed version for @chromatic-com/storybook...
[14:58:01.777] [DEBUG] Getting CLI versions from NPM for @storybook/addon-actions...
[14:58:01.787] [DEBUG] Getting CLI versions from NPM for @storybook/theming...
[14:58:01.792] [DEBUG] Getting CLI versions from NPM for @storybook/addon-interactions...
[14:58:01.797] [DEBUG] Getting CLI versions from NPM for @storybook/addons...
[14:58:01.807] [DEBUG] Getting CLI versions from NPM for @storybook/test...
[14:58:01.812] [DEBUG] Getting CLI versions from NPM for storybook-dark-mode...
[14:58:01.817] [DEBUG] Getting CLI versions from NPM for @storybook/addon-essentials...
[14:58:01.906] [DEBUG] Using cached version for @chromatic-com/storybook...
[14:58:03.383] [DEBUG] Checking fix initial-globals for project /.storybook...
[14:58:03.416] [DEBUG] Checking fix addon-a11y-addon-test for project /.storybook...
[14:58:03.416] [DEBUG] Checking fix consolidated-imports for project /.storybook...
[14:58:03.417] [DEBUG] Checking fix addon-experimental-test for project /.storybook...
[14:58:03.418] [DEBUG] Using cached installed version for @storybook/experimental-addon-test...
[14:58:03.418] [DEBUG] Checking fix rnstorybook-config for project /.storybook...
[14:58:03.418] [DEBUG] Checking fix remove-addon-interactions for project /.storybook...
[14:58:03.418] [DEBUG] Checking fix renderer-to-framework for project /.storybook...
[14:58:03.419] [DEBUG] Checking fix remove-essential-addons for project /.storybook...
[14:58:03.419] [DEBUG] Checking fix addon-a11y-parameters for project /.storybook...
[14:58:03.426] [DEBUG] Checking fix remove-docs-autodocs for project /.storybook...
[14:58:03.434] [DEBUG] Checking fix wrap-require for project /.storybook...
[14:58:03.446] [INFO] detect-automigrations-task: 
Automigrations detected:
[14:58:03.452] [INFO] detect-automigrations-task: ✔ upgrade-storybook-related-dependencies
[14:58:03.459] [INFO] detect-automigrations-task: ✔ consolidated-imports
[14:58:03.465] [INFO] detect-automigrations-task: ✔ remove-addon-interactions
[14:58:03.471] [INFO] detect-automigrations-task: ✔ renderer-to-framework
[14:58:03.477] [INFO] detect-automigrations-task: ✔ remove-essential-addons
[14:58:03.478] [INFO] detect-automigrations-task-success: 5 automigration(s) detected
[14:58:43.118] [PROMPT] Select automigrations to run {"choice":["consolidated-imports","remove-addon-interactions","renderer-to-framework","remove-essential-addons","upgrade-storybook-related-dependencies"]}
[14:58:43.118] [INFO] automigrate-/.storybook-task-start: Running automigrations for /.storybook
[14:58:43.125] [INFO] automigrate-/.storybook-task: ✔ upgrade-storybook-related-dependencies
[14:58:43.149] [INFO] automigrate-/.storybook-task: ✔ consolidated-imports
[14:58:43.159] [DEBUG] Uninstalling @storybook/addon-interactions
[14:58:43.166] [INFO] automigrate-/.storybook-task: ✔ remove-addon-interactions
[14:58:43.167] [DEBUG] 
Migrating @storybook/html to @storybook/html-vite
[14:58:43.178] [DEBUG] Updating package.json files...
[14:58:43.185] [INFO] automigrate-/.storybook-task: ✔ renderer-to-framework
[14:58:43.192] [DEBUG] Uninstalling @storybook/addon-essentials
[14:58:43.193] [DEBUG] Removing '@storybook/addon-essentials' from main.js addons field.
[14:58:43.207] [DEBUG] Uninstalling @storybook/addon-actions
[14:58:43.217] [DEBUG] Getting Storybook info...
[14:58:43.217] [DEBUG] Loading main config...
[14:58:43.222] [DEBUG] Getting stories paths...
[14:58:43.223] [DEBUG] Getting package manager...
[14:58:43.227] [DEBUG] Getting Storybook version...
[14:58:43.240] [INFO] automigrate-/.storybook-task: Verifying @storybook/addon-docs
[14:58:43.248] [INFO] automigrate-/.storybook-task: Installing @storybook/addon-docs@9.0.12
[14:58:43.248] [DEBUG] Getting CLI versions from NPM for @storybook/addon-docs...
[14:58:44.400] [INFO] automigrate-/.storybook-task: Adding '@storybook/addon-docs' to the "addons" field in
/home/jer3m01/projects/jer3m01/design/.storybook/main.cjs
[14:58:44.427] [INFO] automigrate-/.storybook-task: ✔ remove-essential-addons
[14:58:44.427] [INFO] automigrate-/.storybook-task-success: Completed automigrations for /.storybook
[14:58:44.428] [INFO] Installing dependencies...
[14:58:44.428] [INFO] install-dependencies-task-start: Installing dependencies...
[14:58:45.028] [INFO] Progress: resolved 0, reused 1, downloaded 0, added 0
[14:58:45.041] [INFO] install-dependencies-task: Progress: resolved 0, reused 1, downloaded 0, added 0
[14:58:46.038] [INFO] Progress: resolved 565, reused 524, downloaded 6, added 0
[14:58:46.045] [INFO] install-dependencies-task: Progress: resolved 565, reused 524, downloaded 6, added 0
[14:58:47.039] [INFO] Progress: resolved 837, reused 741, downloaded 14, added 0
[14:58:47.045] [INFO] install-dependencies-task: Progress: resolved 837, reused 741, downloaded 14, added 0
[14:58:48.879] [INFO] Progress: resolved 837, reused 741, downloaded 15, added 0
[14:58:48.886] [INFO] install-dependencies-task: Progress: resolved 837, reused 741, downloaded 15, added 0
[14:58:49.879] [INFO] Progress: resolved 903, reused 787, downloaded 35, added 0
[14:58:49.885] [INFO] install-dependencies-task: Progress: resolved 903, reused 787, downloaded 35, added 0
[14:58:50.205] [INFO] WARN  5 deprecated subdependencies found: @solid-primitives/jsx-parser@0.1.3, glob@7.2.3, inflight@1.0.6, q@1.5.1, rimraf@3.0.2
[14:58:50.212] [INFO] install-dependencies-task: WARN  5 deprecated subdependencies found: @solid-primitives/jsx-parser@0.1.3,
glob@7.2.3, inflight@1.0.6, q@1.5.1, rimraf@3.0.2
[14:58:50.318] [INFO] Packages: +59
+++++++++++++++++++++++++++++++++++++++++++++++++++++++++++
[14:58:50.325] [INFO] install-dependencies-task: Packages: +59
+++++++++++++++++++++++++++++++++++++++++++++++++++++++++++
[14:58:50.404] [INFO] Progress: resolved 906, reused 789, downloaded 37, added 55, done
[14:58:50.410] [INFO] install-dependencies-task: Progress: resolved 906, reused 789, downloaded 37, added 55, done
[14:58:51.724] [INFO] WARN  Issues with peer dependencies found
.
├─┬ storybook 9.0.12
│ └─┬ @testing-library/user-event 14.6.1
│   └── ✕ missing peer @testing-library/dom@>=7.21.4
├─┬ esbuild-sass-plugin 2.16.1
│ └── ✕ unmet peer esbuild@^0.19.4: found 0.17.19
├─┬ solid-devtools 0.26.1
│ ├── ✕ unmet peer vite@"^2.2.3 || ^3.0.0 || ^4.0.0": found 6.3.5
│ └─┬ solid-start 0.2.32
│   ├── ✕ unmet peer vite@^4.4.6: found 6.3.5
│   └─┬ vite-plugin-inspect 0.7.42
│     └── ✕ unmet peer vite@"^3.1.0 || ^4.0.0 || ^5.0.0-0": found 6.3.5
└─┬ storybook-dark-mode 4.0.2
  ├─┬ @storybook/manager-api 8.6.14
  │ └── ✕ unmet peer storybook@"^8.2.0 || ^8.3.0-0 || ^8.4.0-0 || ^8.5.0-0 || ^8.6.0-0": found 9.0.12
  ├─┬ @storybook/core-events 8.6.14
  │ └── ✕ unmet peer storybook@"^8.2.0 || ^8.3.0-0 || ^8.4.0-0 || ^8.5.0-0 || ^8.6.0-0": found 9.0.12
  ├─┬ @storybook/components 8.6.14
  │ └── ✕ unmet peer storybook@"^8.2.0 || ^8.3.0-0 || ^8.4.0-0 || ^8.5.0-0 || ^8.6.0-0": found 9.0.12
  └─┬ @storybook/theming 8.6.14
    └── ✕ unmet peer storybook@"^8.2.0 || ^8.3.0-0 || ^8.4.0-0 || ^8.5.0-0 || ^8.6.0-0": found 9.0.12
Peer dependencies that should be installed:
  @testing-library/dom@>=7.21.4
  @types/react@>=16
  webpack@>=2
[14:58:51.734] [INFO] install-dependencies-task: WARN  Issues with peer dependencies found
.
├─┬ storybook 9.0.12
│ └─┬ @testing-library/user-event 14.6.1
│   └── ✕ missing peer @testing-library/dom@>=7.21.4
├─┬ esbuild-sass-plugin 2.16.1
│ └── ✕ unmet peer esbuild@^0.19.4: found 0.17.19
├─┬ solid-devtools 0.26.1
│ ├── ✕ unmet peer vite@"^2.2.3 || ^3.0.0 || ^4.0.0": found 6.3.5
│ └─┬ solid-start 0.2.32
│   ├── ✕ unmet peer vite@^4.4.6: found 6.3.5
│   └─┬ vite-plugin-inspect 0.7.42
│     └── ✕ unmet peer vite@"^3.1.0 || ^4.0.0 || ^5.0.0-0": found 6.3.5
└─┬ storybook-dark-mode 4.0.2
├─┬ @storybook/manager-api 8.6.14
│ └── ✕ unmet peer storybook@"^8.2.0 || ^8.3.0-0 || ^8.4.0-0 || ^8.5.0-0 ||
^8.6.0-0": found 9.0.12
├─┬ @storybook/core-events 8.6.14
│ └── ✕ unmet peer storybook@"^8.2.0 || ^8.3.0-0 || ^8.4.0-0 || ^8.5.0-0 ||
^8.6.0-0": found 9.0.12
├─┬ @storybook/components 8.6.14
│ └── ✕ unmet peer storybook@"^8.2.0 || ^8.3.0-0 || ^8.4.0-0 || ^8.5.0-0 ||
^8.6.0-0": found 9.0.12
└─┬ @storybook/theming 8.6.14
└── ✕ unmet peer storybook@"^8.2.0 || ^8.3.0-0 || ^8.4.0-0 || ^8.5.0-0 ||
^8.6.0-0": found 9.0.12
Peer dependencies that should be installed:
@testing-library/dom@>=7.21.4
@types/react@>=16
webpack@>=2
[14:58:51.734] [INFO] devDependencies:
- @chromatic-com/storybook 3.2.6
+ @chromatic-com/storybook 4.0.0
- @storybook/addon-a11y 8.6.14
+ @storybook/addon-a11y 9.0.12
- @storybook/addon-actions 8.6.14
+ @storybook/addon-docs 9.0.12
- @storybook/addon-essentials 8.6.14
- @storybook/addon-interactions 8.6.14
- @storybook/addon-links 8.6.14
+ @storybook/addon-links 9.0.12
- @storybook/addons 6.5.16
+ @storybook/addons 7.6.17
- @storybook/html 8.6.14
- @storybook/html-vite 8.6.14
+ @storybook/html-vite 9.0.12
- @storybook/test 8.6.14
- @storybook/theming 8.6.14
- storybook 8.6.14
+ storybook 9.0.12
- storybook-dark-mode 2.1.1
+ storybook-dark-mode 4.0.2

╭ Warning ─────────────────────────────────────────────────────────────────────╮
│                                                                              │
│   Ignored build scripts: esbuild.                                            │
│   Run "pnpm approve-builds" to pick which dependencies should be allowed     │
│   to run scripts.                                                            │
│                                                                              │
╰──────────────────────────────────────────────────────────────────────────────╯
[14:58:51.744] [INFO] install-dependencies-task: devDependencies:
- @chromatic-com/storybook 3.2.6
+ @chromatic-com/storybook 4.0.0
- @storybook/addon-a11y 8.6.14
+ @storybook/addon-a11y 9.0.12
- @storybook/addon-actions 8.6.14
+ @storybook/addon-docs 9.0.12
- @storybook/addon-essentials 8.6.14
- @storybook/addon-interactions 8.6.14
- @storybook/addon-links 8.6.14
+ @storybook/addon-links 9.0.12
- @storybook/addons 6.5.16
+ @storybook/addons 7.6.17
- @storybook/html 8.6.14
- @storybook/html-vite 8.6.14
+ @storybook/html-vite 9.0.12
- @storybook/test 8.6.14
- @storybook/theming 8.6.14
- storybook 8.6.14
+ storybook 9.0.12
- storybook-dark-mode 2.1.1
+ storybook-dark-mode 4.0.2

╭ Warning ─────────────────────────────────────────────────────────────────────╮
│                                                                              │
│   Ignored build scripts: esbuild.                                            │
│   Run "pnpm approve-builds" to pick which dependencies should be allowed     │
│   to run scripts.                                                            │
│                                                                              │
╰──────────────────────────────────────────────────────────────────────────────╯
[14:58:51.793] [INFO] Done in 7.3s using pnpm v10.12.1
[14:58:51.799] [INFO] install-dependencies-task: Done in 7.3s using pnpm v10.12.1
[14:58:51.857] [INFO] Dependencies installed
[14:58:51.857] [INFO] install-dependencies-task-success: Dependencies installed
[14:58:51.857] [INFO] Checking the health of your project(s)..
[14:58:52.556] [WARN] /.storybook: 1 issue found
[14:58:52.563] [INFO] You are currently using Storybook 9.0.12 but you have packages which are incompatible with it:

- @storybook/addons@7.6.17 which depends on 7.6.17
 Repo: https://github.com/storybookjs/storybook/tree/next/code/deprecated/addons
- storybook-dark-mode@4.0.2 which depends on ^8.0.0

Please consider updating your packages or contacting the maintainers for compatibility details.

For more on Storybook 9 compatibility, see the linked GitHub issue:
https://github.com/storybookjs/storybook/issues/30944
[14:58:52.563] [INFO] Incompatible Packages
[14:58:52.568] [INFO] You are currently using Storybook 9.0.12 but you have packages which are incompatible with it:

- @storybook/addons@7.6.17 which depends on 7.6.17
 Repo: https://github.com/storybookjs/storybook/tree/next/code/deprecated/addons
- storybook-dark-mode@4.0.2 which depends on ^8.0.0

Please consider updating your packages or contacting the maintainers for compatibility details.

For more on Storybook 9 compatibility, see the linked GitHub issue:
https://github.com/storybookjs/storybook/issues/30944
[14:58:52.575] [INFO] Storybook doctor is complete!
[14:58:52.583] [INFO] You can always recheck the health of your project(s) by running:
npx storybook doctor
[14:58:52.591] [INFO] The upgrade is complete!
[14:58:52.597] [INFO] Your project(s) have been upgraded successfully, but some issues were found which need your attention, please check Storybook doctor logs above.
[14:58:52.636] [INFO] If you want to learn more about the automigrations that executed in your project(s), please check the following links:

• upgrade-storybook-related-dependencies
• consolidated-imports
• remove-addon-interactions
• renderer-to-framework
• remove-essential-addons
[14:58:52.644] [INFO] For a full list of changes, please check our migration guide: https://storybook.js.org/docs/migration-guide